"","x"
"29-B1",1.729117175748
"30-B1",1.85560457050203
"31-B2",1.99461664635592
"32-B3",2.04084329814241
"33-B1",2.03086460818948
"34-B1",1.94912489678747
"35-B2",1.98032512856797
"36-B3",1.9758518910091
"37-B1",2.03353662941199
"38-B2",1.97891051726116
"39-B3",1.9055980698938
"40-B1",1.97440449392912
"41-B2",2.01023177686768
"42-B3",1.83785905423558
"44-B2",1.76856107769303
"45-B3",1.94594600557289
"46-B1",2.02795921627352
"47-B2",1.85033105212969
"48-B3",1.96301376326509
"49-B1",1.85593721923211
"50-B2",1.90986121943456
"52-B1",2.02429899680779
"53-B2",2.02823324728399
"54-B3",2.03089128854442
